[1/496] LINUX MSVC SEMANTICS build/linux/halo_msvc_semantics.h
[2/496] LINUX MSVC SEMANTICS build/linux/platform_msvc_semantics.h
[3/496] LINUX CC build/linux/obj/source/cseries/headers.o
[4/496] LINUX CC build/linux/obj/source/sound/sound_scenery_group.o
[5/496] LINUX CC build/linux/obj/source/sound/sound_scenery.o
[6/496] LINUX CC build/linux/obj/source/sound/sound_preferences.o
[7/496] LINUX CC build/linux/obj/source/sound/sound_manager.o
[8/496] LINUX CC build/linux/obj/source/sound/sound_environment_definitions.o
[9/496] LINUX CC build/linux/obj/source/sound/sound_dsound_xbox.o
[10/496] LINUX CC build/linux/obj/source/sound/sound_definitions.o
[11/496] LINUX CC build/linux/obj/source/sound/sound_classes.o
[12/496] LINUX CC build/linux/obj/source/sound/ima_adpcm.o
[13/496] LINUX CC build/linux/obj/source/sound/game_sound.o
[14/496] LINUX CC build/linux/obj/source/sound/sound_import/sound_wave.o
[15/496] LINUX CC build/linux/obj/source/sound/sound_import/sound_import.o
[16/496] LINUX CC build/linux/obj/source/sound/sound_import/sound_aiff.o
[17/496] LINUX CC build/linux/obj/source/bink/bink_playback.o
[18/496] LINUX CC 'build/linux/obj/source/saved films/saved_films.o'
[19/496] LINUX CC 'build/linux/obj/source/saved games/saved_game_files.o'
[20/496] LINUX CC 'build/linux/obj/source/saved games/playlist_profile.o'
[21/496] LINUX CC 'build/linux/obj/source/saved games/player_profile.o'
[22/496] LINUX CC 'build/linux/obj/source/saved games/game_state_xbox.o'
[23/496] LINUX CC 'build/linux/obj/source/saved games/game_state.o'
[24/496] LINUX CC build/linux/obj/source/cache/xbox_texture_cache.o
[25/496] LINUX CC build/linux/obj/source/cache/xbox_sound_cache.o
[26/496] LINUX CC build/linux/obj/source/cache/predicted_resources.o
[27/496] LINUX CC build/linux/obj/source/cache/physical_memory_map.o
[28/496] LINUX CC build/linux/obj/source/cache/cache_files_windows.o
[29/496] LINUX CC build/linux/obj/source/cache/cache_files_decompress_windows.o
[30/496] LINUX CC build/linux/obj/source/cache/cache_files.o
[31/496] LINUX CC build/linux/obj/source/units/vehicles.o
[32/496] LINUX CC build/linux/obj/source/units/vehicle_definitions.o
[33/496] LINUX CC build/linux/obj/source/units/units.o
[34/496] LINUX CC build/linux/obj/source/units/unit_scripting_commands.o
[35/496] LINUX CC build/linux/obj/source/units/unit_dialogue.o
[36/496] LINUX CC build/linux/obj/source/units/unit_definitions.o
[37/496] LINUX CC build/linux/obj/source/units/dialogue_definitions.o
[38/496] LINUX CC build/linux/obj/source/units/bipeds.o
[39/496] LINUX CC build/linux/obj/source/units/biped_limp_noodle.o
[40/496] LINUX CC build/linux/obj/source/units/biped_definitions.o
[41/496] LINUX CC build/linux/obj/source/text/unicode.o
[42/496] LINUX CC build/linux/obj/source/text/text_group.o
[43/496] LINUX CC build/linux/obj/source/text/international_strings.o
[44/496] LINUX CC build/linux/obj/source/text/font_group.o
[45/496] LINUX CC build/linux/obj/source/text/draw_string.o
[46/496] LINUX CC build/linux/obj/source/tag_files/tag_groups.o
[47/496] LINUX CC build/linux/obj/source/tag_files/tag_files_xbox.o
[48/496] LINUX CC build/linux/obj/source/tag_files/tag_files.o
[49/496] LINUX CC build/linux/obj/source/tag_files/files_windows.o
[50/496] LINUX CC build/linux/obj/source/tag_files/files.o
[51/496] LINUX CC build/linux/obj/source/structures/structures.o
[52/496] LINUX CC build/linux/obj/source/structures/structure_visibility.o
[53/496] LINUX CC build/linux/obj/source/structures/structure_runtime_decals.o
[54/496] LINUX CC build/linux/obj/source/structures/structure_render.o
[55/496] LINUX CC build/linux/obj/source/structures/structure_lens_flares.o
[56/496] LINUX CC build/linux/obj/source/structures/structure_detail_objects.o
[57/496] LINUX CC build/linux/obj/source/structures/structure_bsp_definitions.o
[58/496] LINUX CC build/linux/obj/source/structures/leaf_map.o
[59/496] LINUX CC build/linux/obj/source/structures/detail_object_definitions.o
[60/496] LINUX CC build/linux/obj/source/structures/cluster_partitions.o
[61/496] LINUX CC build/linux/obj/source/structures/radiosity/radiosity_io.o
[62/496] LINUX CC build/linux/obj/source/structures/radiosity/radiosity.o
[63/496] LINUX CC build/linux/obj/source/structures/radiosity/intermediate_radiosity.o
[64/496] LINUX CC build/linux/obj/source/shell/shell_xbox.o
[65/496] LINUX CC build/linux/obj/source/shell/shell_windows.o
[66/496] LINUX CC build/linux/obj/source/shell/shell.o
[67/496] LINUX CC build/linux/obj/source/shaders/shaders.o
[68/496] LINUX CC build/linux/obj/source/shaders/shader_definitions.o
[69/496] LINUX CC build/linux/obj/source/scenario/wind_definitions.o
[70/496] LINUX CC build/linux/obj/source/scenario/wind.o
[71/496] LINUX CC build/linux/obj/source/scenario/sky_definitions.o
[72/496] LINUX CC build/linux/obj/source/scenario/scenario_definitions.o
[73/496] LINUX CC build/linux/obj/source/scenario/scenario.o
[74/496] LINUX CC build/linux/obj/source/scenario/multiplayer_scenario_description.o
[75/496] LINUX CC build/linux/obj/source/scenario/fog_definitions.o
[76/496] LINUX CC build/linux/obj/source/render/triangle_strips.o
[77/496] LINUX CC build/linux/obj/source/render/render_sprite.o
[78/496] LINUX CC build/linux/obj/source/render/render_sky.o
[79/496] LINUX CC build/linux/obj/source/render/render_particles.o
[80/496] LINUX CC build/linux/obj/source/render/render_objects.o
[81/496] LINUX CC build/linux/obj/source/render/render_media.o
[82/496] LINUX CC build/linux/obj/source/render/render_detail_objects.o
[83/496] LINUX CC build/linux/obj/source/render/render_debug.o
[84/496] LINUX CC build/linux/obj/source/render/render_contrails.o
[85/496] LINUX CC build/linux/obj/source/render/render_cameras.o
[86/496] LINUX CC build/linux/obj/source/render/render.o
[87/496] LINUX CC build/linux/obj/source/rasterizer/rasterizer_transparent_geometry.o
[88/496] LINUX CC build/linux/obj/source/rasterizer/rasterizer_text.o
[89/496] LINUX CC build/linux/obj/source/rasterizer/rasterizer_swizzle.o
[90/496] LINUX CC build/linux/obj/source/rasterizer/rasterizer_memory_pool.o
[91/496] LINUX CC build/linux/obj/source/rasterizer/rasterizer_lights.o
[92/496] LINUX CC build/linux/obj/source/rasterizer/rasterizer_geometry.o
[93/496] LINUX CC build/linux/obj/source/rasterizer/rasterizer_frame_statistics.o
[94/496] LINUX CC build/linux/obj/source/rasterizer/rasterizer_debug.o
[95/496] LINUX CC build/linux/obj/source/rasterizer/rasterizer_cinematics.o
[96/496] LINUX CC build/linux/obj/source/rasterizer/rasterizer.o
[97/496] LINUX CC build/linux/obj/source/rasterizer/xbox/shader_transparent_generic_preprocessor.o
[98/496] LINUX CC build/linux/obj/source/rasterizer/xbox/shader_transparent_chicago_preprocessor.o
[99/496] LINUX CC build/linux/obj/source/rasterizer/xbox/rasterizer_xbox_widgets.o
[100/496] LINUX CC build/linux/obj/source/rasterizer/xbox/rasterizer_xbox_water.o
[101/496] LINUX CC build/linux/obj/source/rasterizer/xbox/rasterizer_xbox_vertex_shaders_runtime.o
[102/496] LINUX CC build/linux/obj/source/rasterizer/xbox/rasterizer_xbox_vertex_shaders_initialize.o
[103/496] LINUX CC build/linux/obj/source/rasterizer/xbox/rasterizer_xbox_vertex_shaders.o
[104/496] LINUX CC build/linux/obj/source/rasterizer/xbox/rasterizer_xbox_transparent_geometry.o
[105/496] LINUX CC build/linux/obj/source/rasterizer/xbox/rasterizer_xbox_text.o
[106/496] LINUX CC build/linux/obj/source/rasterizer/xbox/rasterizer_xbox_shadows.o
[107/496] LINUX CC build/linux/obj/source/rasterizer/xbox/rasterizer_xbox_screen_effect.o
[108/496] LINUX CC build/linux/obj/source/rasterizer/xbox/rasterizer_xbox_profile.o
[109/496] LINUX CC build/linux/obj/source/rasterizer/xbox/rasterizer_xbox_plasma_energy.o
[110/496] LINUX CC build/linux/obj/source/rasterizer/xbox/rasterizer_xbox_motion_sensor.o
[111/496] LINUX CC build/linux/obj/source/rasterizer/xbox/rasterizer_xbox_models.o
[112/496] LINUX CC build/linux/obj/source/rasterizer/xbox/rasterizer_xbox_lights.o
[113/496] LINUX CC build/linux/obj/source/rasterizer/xbox/rasterizer_xbox_hardware_geometry.o
[114/496] LINUX CC build/linux/obj/source/rasterizer/xbox/rasterizer_xbox_hardware_bitmaps.o
[115/496] LINUX CC build/linux/obj/source/rasterizer/xbox/rasterizer_xbox_errors.o
[116/496] LINUX CC build/linux/obj/source/rasterizer/xbox/rasterizer_xbox_environment_fog.o
[117/496] LINUX CC build/linux/obj/source/rasterizer/xbox/rasterizer_xbox_environment.o
[118/496] LINUX CC build/linux/obj/source/rasterizer/xbox/rasterizer_xbox_dynavobgeom.o
[119/496] LINUX CC build/linux/obj/source/rasterizer/xbox/rasterizer_xbox_draw_primitives.o
[120/496] LINUX CC build/linux/obj/source/rasterizer/xbox/rasterizer_xbox_detail_objects.o
[121/496] LINUX CC build/linux/obj/source/rasterizer/xbox/rasterizer_xbox_decals.o
[122/496] LINUX CC build/linux/obj/source/rasterizer/xbox/rasterizer_xbox_debug.o
[123/496] LINUX CC build/linux/obj/source/rasterizer/xbox/rasterizer_xbox_active_camouflage.o
[124/496] LINUX CC build/linux/obj/source/rasterizer/xbox/rasterizer_xbox.o
[125/496] LINUX CC build/linux/obj/source/rasterizer/common/rasterizer_common.o
[126/496] LINUX CC build/linux/obj/source/physics/terrain_definitions.o
[127/496] LINUX CC build/linux/obj/source/physics/point_physics.o
[128/496] LINUX CC build/linux/obj/source/physics/physics_variables.o
[129/496] LINUX CC build/linux/obj/source/physics/physics_definitions.o
[130/496] LINUX CC build/linux/obj/source/physics/physics.o
[131/496] LINUX CC build/linux/obj/source/physics/collisions.o
[132/496] LINUX CC build/linux/obj/source/physics/collision_usage.o
[133/496] LINUX CC build/linux/obj/source/physics/collision_models.o
[134/496] LINUX CC build/linux/obj/source/physics/collision_model_definitions.o
[135/496] LINUX CC build/linux/obj/source/physics/collision_features.o
[136/496] LINUX CC build/linux/obj/source/physics/collision_debug.o
[137/496] LINUX CC build/linux/obj/source/physics/collision_bsp_definitions.o
[138/496] LINUX CC build/linux/obj/source/physics/collision_bsp.o
[139/496] LINUX CC build/linux/obj/source/physics/bsp3d.o
[140/496] LINUX CC build/linux/obj/source/physics/bsp2d.o
[141/496] LINUX CC build/linux/obj/source/physics/breakable_surfaces.o
[142/496] LINUX CC build/linux/obj/source/objects/scenery_group.o
[143/496] LINUX CC build/linux/obj/source/objects/scenery.o
[144/496] LINUX CC build/linux/obj/source/objects/placeholder_definitions.o
[145/496] LINUX CC build/linux/obj/source/objects/objects.o
[146/496] LINUX CC build/linux/obj/source/objects/object_types.o
[147/496] LINUX CC build/linux/obj/source/objects/object_shadows.o
[148/496] LINUX CC build/linux/obj/source/objects/object_lights.o
[149/496] LINUX CC build/linux/obj/source/objects/object_deleted_procs.o
[150/496] LINUX CC build/linux/obj/source/objects/object_definitions.o
[151/496] LINUX CC build/linux/obj/source/objects/light_definitions.o
[152/496] LINUX CC build/linux/obj/source/objects/damage_effect_definitions.o
[153/496] LINUX CC build/linux/obj/source/objects/damage.o
[154/496] LINUX CC build/linux/obj/source/objects/widgets/widgets.o
[155/496] LINUX CC build/linux/obj/source/objects/widgets/lightning_definitions.o
[156/496] LINUX CC build/linux/obj/source/objects/widgets/lightning.o
[157/496] LINUX CC build/linux/obj/source/objects/widgets/light_volumes.o
[158/496] LINUX CC build/linux/obj/source/objects/widgets/light_volume_definitions.o
[159/496] LINUX CC build/linux/obj/source/objects/widgets/glow_definitions.o
[160/496] LINUX CC build/linux/obj/source/objects/widgets/glow.o
[161/496] LINUX CC build/linux/obj/source/objects/widgets/flags.o
[162/496] LINUX CC build/linux/obj/source/objects/widgets/flag_definitions.o
[163/496] LINUX CC build/linux/obj/source/objects/widgets/cellular_automata2d.o
[164/496] LINUX CC build/linux/obj/source/objects/widgets/cellular_automata.o
[165/496] LINUX CC build/linux/obj/source/objects/widgets/antenna_definitions.o
[166/496] LINUX CC build/linux/obj/source/objects/widgets/antenna.o
[167/496] LINUX CC build/linux/obj/source/objects/widgets/aleph.o
[168/496] LINUX CC build/linux/obj/source/networking/telnet_console.o
[169/496] LINUX CC build/linux/obj/source/networking/network_server_message_handler.o
[170/496] LINUX CC build/linux/obj/source/networking/network_server_manager.o
[171/496] LINUX CC build/linux/obj/source/networking/network_messages.o
[172/496] LINUX CC build/linux/obj/source/networking/network_game_ui.o
[173/496] LINUX CC build/linux/obj/source/networking/network_game_preferences.o
[174/496] LINUX CC build/linux/obj/source/networking/network_game_manager.o
[175/496] LINUX CC build/linux/obj/source/networking/network_game_globals.o
[176/496] LINUX CC build/linux/obj/source/networking/network_connection.o
[177/496] LINUX CC build/linux/obj/source/networking/network_client_message_handler.o
[178/496] LINUX CC build/linux/obj/source/networking/network_client_manager.o
[179/496] LINUX CC build/linux/obj/source/models/models.o
[180/496] LINUX CC build/linux/obj/source/models/model_definitions.o
[181/496] LINUX CC build/linux/obj/source/models/model_animations.o
[182/496] LINUX CC build/linux/obj/source/models/model_animation_definitions.o
[183/496] LINUX CC build/linux/obj/source/memory/texture_page.o
[184/496] LINUX CC build/linux/obj/source/memory/stack_memory_pool.o
[185/496] LINUX CC build/linux/obj/source/memory/sl_list.o
[186/496] LINUX CC build/linux/obj/source/memory/memory_pool.o
[187/496] LINUX CC build/linux/obj/source/memory/lruv_cache.o
[188/496] LINUX CC build/linux/obj/source/memory/lru_cache.o
[189/496] LINUX CC build/linux/obj/source/memory/lrar_cache.o
[190/496] LINUX CC build/linux/obj/source/memory/lra_cache.o
[191/496] LINUX CC build/linux/obj/source/memory/hashtable.o
[192/496] LINUX CC build/linux/obj/source/memory/fibonacci_heap.o
[193/496] LINUX CC build/linux/obj/source/memory/data_packets.o
[194/496] LINUX CC build/linux/obj/source/memory/data_packet_groups.o
[195/496] LINUX CC build/linux/obj/source/memory/data_encoding.o
[196/496] LINUX CC build/linux/obj/source/memory/data_compress.o
[197/496] LINUX CC build/linux/obj/source/memory/data.o
[198/496] LINUX CC build/linux/obj/source/memory/crc.o
[199/496] LINUX CC build/linux/obj/source/memory/circular_queue.o
[200/496] LINUX CC build/linux/obj/source/memory/byte_swapping.o
[201/496] LINUX CC build/linux/obj/source/memory/array.o
[202/496] LINUX CC build/linux/obj/source/memory/zlib/zutil.o
[203/496] LINUX CC build/linux/obj/source/memory/zlib/uncompr.o
[204/496] LINUX CC build/linux/obj/source/memory/zlib/trees.o
[205/496] LINUX CC build/linux/obj/source/memory/zlib/infutil.o
[206/496] LINUX CC build/linux/obj/source/memory/zlib/inftrees.o
[207/496] LINUX CC build/linux/obj/source/memory/zlib/inflate.o
[208/496] LINUX CC build/linux/obj/source/memory/zlib/inffast.o
[209/496] LINUX CC build/linux/obj/source/memory/zlib/infcodes.o
[210/496] LINUX CC build/linux/obj/source/memory/zlib/infblock.o
[211/496] LINUX CC build/linux/obj/source/memory/zlib/gzio.o
[212/496] LINUX CC build/linux/obj/source/memory/zlib/deflate.o
[213/496] LINUX CC build/linux/obj/source/memory/zlib/crc32.o
[214/496] LINUX CC build/linux/obj/source/memory/zlib/compress.o
[215/496] LINUX CC build/linux/obj/source/memory/zlib/adler32.o
[216/496] LINUX CC build/linux/obj/source/math/vector_tree.o
[217/496] LINUX CC build/linux/obj/source/math/trig_math.o
[218/496] LINUX CC build/linux/obj/source/math/real_math.o
[219/496] LINUX CC build/linux/obj/source/math/random_math.o
[220/496] LINUX CC build/linux/obj/source/math/probability.o
[221/496] LINUX CC build/linux/obj/source/math/periodic_functions.o
[222/496] LINUX CC build/linux/obj/source/math/matrix_math.o
[223/496] LINUX CC build/linux/obj/source/math/integer_math.o
[224/496] LINUX CC build/linux/obj/source/math/geometry.o
[225/496] LINUX CC build/linux/obj/source/tool/error_geometry.o
[226/496] LINUX CC build/linux/obj/source/tool/connected_geometry.o
[227/496] LINUX CC build/linux/obj/source/main/restricted_beta.o
[228/496] LINUX CC build/linux/obj/source/main/main.o
[229/496] LINUX CC build/linux/obj/source/main/debug_keys.o
[230/496] LINUX CC build/linux/obj/source/main/console.o
[231/496] LINUX CC build/linux/obj/source/items/weapons.o
[232/496] LINUX CC build/linux/obj/source/items/weapon_interfaces.o
[233/496] LINUX CC build/linux/obj/source/items/weapon_definitions.o
[234/496] LINUX CC build/linux/obj/source/items/projectiles.o
[235/496] LINUX CC build/linux/obj/source/items/projectile_definitions.o
[236/496] LINUX CC build/linux/obj/source/items/items.o
[237/496] LINUX CC build/linux/obj/source/items/item_definitions.o
[238/496] LINUX CC build/linux/obj/source/items/garbage_definitions.o
[239/496] LINUX CC build/linux/obj/source/items/garbage.o
[240/496] LINUX CC build/linux/obj/source/items/equipment_definitions.o
[241/496] LINUX CC build/linux/obj/source/items/equipment.o
[242/496] LINUX CC build/linux/obj/source/interface/virtual_keyboard.o
[243/496] LINUX CC build/linux/obj/source/interface/ui_widget_text_search_and_replace_functions.o
[244/496] LINUX CC build/linux/obj/source/interface/ui_widget_group.o
[245/496] LINUX CC build/linux/obj/source/interface/ui_widget_game_data_input_functions.o
[246/496] LINUX CC build/linux/obj/source/interface/ui_widget_event_handler_functions.o
[247/496] LINUX CC build/linux/obj/source/interface/ui_widget.o
[248/496] LINUX CC build/linux/obj/source/interface/terminal.o
[249/496] LINUX CC build/linux/obj/source/interface/progress_bar.o
[250/496] LINUX CC build/linux/obj/source/interface/player_ui.o
[251/496] LINUX CC build/linux/obj/source/interface/overhead_map.o
[252/496] LINUX CC build/linux/obj/source/interface/meters.o
[253/496] LINUX CC build/linux/obj/source/interface/meter_definitions.o
[254/496] LINUX CC build/linux/obj/source/interface/marketing_and_strategic_business_development.o
[255/496] LINUX CC build/linux/obj/source/interface/inventory_displays.o
[256/496] LINUX CC build/linux/obj/source/interface/interface_panels.o
[257/496] LINUX CC build/linux/obj/source/interface/interface.o
[258/496] LINUX CC build/linux/obj/source/interface/first_person_weapons.o
[259/496] LINUX CC build/linux/obj/source/interface/event_manager.o
[260/496] LINUX CC build/linux/obj/source/interface/attract_mode.o
[261/496] LINUX CC build/linux/obj/source/interface/weapon_hud_interface_definition.o
[262/496] LINUX CC build/linux/obj/source/interface/unit_hud_interface_definition.o
[263/496] LINUX CC build/linux/obj/source/interface/motion_sensor.o
[264/496] LINUX CC build/linux/obj/source/interface/hud_weapon.o
[265/496] LINUX CC build/linux/obj/source/interface/hud_unit.o
[266/496] LINUX CC build/linux/obj/source/interface/hud_sounds.o
[267/496] LINUX CC build/linux/obj/source/interface/hud_nav_points.o
[268/496] LINUX CC build/linux/obj/source/interface/hud_messaging_definitions.o
[269/496] LINUX CC build/linux/obj/source/interface/hud_messaging.o
[270/496] LINUX CC build/linux/obj/source/interface/hud_draw.o
[271/496] LINUX CC build/linux/obj/source/interface/hud_definitions.o
[272/496] LINUX CC build/linux/obj/source/interface/hud.o
[273/496] LINUX CC build/linux/obj/source/input/input_xbox.o
[274/496] LINUX CC build/linux/obj/source/input/input_windows.o
[275/496] LINUX CC build/linux/obj/source/input/input_abstraction.o
[276/496] LINUX CC build/linux/obj/source/input/HaloAutoTest.o
[277/496] LINUX CC build/linux/obj/source/hs/object_lists.o
[278/496] LINUX CC build/linux/obj/source/hs/hs_scenario_definitions.o
[279/496] LINUX CC build/linux/obj/source/hs/hs_runtime.o
[280/496] LINUX CC build/linux/obj/source/hs/hs_library_external.o
[281/496] LINUX CC build/linux/obj/source/hs/hs_globals_external.o
[282/496] LINUX CC build/linux/obj/source/hs/hs_compile.o
[283/496] LINUX CC build/linux/obj/source/hs/hs.o
[284/496] LINUX CC build/linux/obj/source/game/players.o
[285/496] LINUX CC build/linux/obj/source/game/player_rumble_definition.o
[286/496] LINUX CC build/linux/obj/source/game/player_rumble.o
[287/496] LINUX CC build/linux/obj/source/game/player_queues_new.o
[288/496] LINUX CC build/linux/obj/source/game/player_control.o
[289/496] LINUX CC build/linux/obj/source/game/game_time.o
[290/496] LINUX CC build/linux/obj/source/game/game_statistics.o
[291/496] LINUX CC build/linux/obj/source/game/game_globals.o
[292/496] LINUX CC build/linux/obj/source/game/game_engine_terminator.o
[293/496] LINUX CC build/linux/obj/source/game/game_engine_stub.o
[294/496] LINUX CC build/linux/obj/source/game/game_engine_slayer.o
[295/496] LINUX CC build/linux/obj/source/game/game_engine_race.o
[296/496] LINUX CC build/linux/obj/source/game/game_engine_oddball.o
[297/496] LINUX CC build/linux/obj/source/game/game_engine_multiplayer_sounds.o
[298/496] LINUX CC build/linux/obj/source/game/game_engine_list.o
[299/496] LINUX CC build/linux/obj/source/game/game_engine_king.o
[300/496] LINUX CC build/linux/obj/source/game/game_engine_defend.o
[301/496] LINUX CC build/linux/obj/source/game/game_engine_ctf.o
[302/496] LINUX CC build/linux/obj/source/game/game_engine_bomb.o
[303/496] LINUX CC build/linux/obj/source/game/game_engine.o
[304/496] LINUX CC build/linux/obj/source/game/game_allegiance.o
[305/496] LINUX CC build/linux/obj/source/game/game.o
[306/496] LINUX CC build/linux/obj/source/game/cheats.o
[307/496] LINUX CC build/linux/obj/source/game/aim_assist.o
[308/496] LINUX CC build/linux/obj/source/effects/weather_particle_systems.o
[309/496] LINUX CC build/linux/obj/source/effects/weather_particle_definitions.o
[310/496] LINUX CC build/linux/obj/source/effects/spheroids.o
[311/496] LINUX CC build/linux/obj/source/effects/spheroid_definitions.o
[312/496] LINUX CC build/linux/obj/source/effects/player_effects.o
[313/496] LINUX CC build/linux/obj/source/effects/particles.o
[314/496] LINUX CC build/linux/obj/source/effects/particle_systems.o
[315/496] LINUX CC build/linux/obj/source/effects/particle_system_definitions.o
[316/496] LINUX CC build/linux/obj/source/effects/particle_definitions.o
[317/496] LINUX CC build/linux/obj/source/effects/material_effects.o
[318/496] LINUX CC build/linux/obj/source/effects/material_effect_definitions.o
[319/496] LINUX CC build/linux/obj/source/effects/glass_definitions.o
[320/496] LINUX CC build/linux/obj/source/effects/effects.o
[321/496] LINUX CC build/linux/obj/source/effects/effect_definitions.o
[322/496] LINUX CC build/linux/obj/source/effects/decals.o
[323/496] LINUX CC build/linux/obj/source/effects/decal_definitions.o
[324/496] LINUX CC build/linux/obj/source/effects/contrails.o
[325/496] LINUX CC build/linux/obj/source/effects/contrail_definitions.o
[326/496] LINUX CC build/linux/obj/source/editor/editor_stubs.o
[327/496] LINUX CC build/linux/obj/source/dialogs/value_control.o
[328/496] LINUX CC build/linux/obj/source/dialogs/static_text_control.o
[329/496] LINUX CC build/linux/obj/source/dialogs/picture_control.o
[330/496] LINUX CC build/linux/obj/source/dialogs/list_control.o
[331/496] LINUX CC build/linux/obj/source/dialogs/edit_text_control.o
[332/496] LINUX CC build/linux/obj/source/dialogs/edit_text.o
[333/496] LINUX CC build/linux/obj/source/dialogs/dialogs.o
[334/496] LINUX CC build/linux/obj/source/dialogs/dialog_templates.o
[335/496] LINUX CC build/linux/obj/source/dialogs/dialog_controls.o
[336/496] LINUX CC build/linux/obj/source/dialogs/button_control.o
[337/496] LINUX CC build/linux/obj/source/devices/devices.o
[338/496] LINUX CC build/linux/obj/source/devices/device_machines.o
[339/496] LINUX CC build/linux/obj/source/devices/device_light_fixtures.o
[340/496] LINUX CC build/linux/obj/source/devices/device_definitions.o
[341/496] LINUX CC build/linux/obj/source/devices/device_controls.o
[342/496] LINUX CC build/linux/obj/source/cutscene/recorded_animations.o
[343/496] LINUX CC build/linux/obj/source/cutscene/recorded_animation_playback_v1.o
[344/496] LINUX CC build/linux/obj/source/cutscene/recorded_animation_playback.o
[345/496] LINUX CC build/linux/obj/source/cutscene/recorded_animation_initialize.o
[346/496] LINUX CC build/linux/obj/source/cutscene/recorded_animation_definitions.o
[347/496] LINUX CC build/linux/obj/source/cutscene/cinematics.o
[348/496] LINUX CC build/linux/obj/source/cseries/stack_walk_windows.o
[349/496] LINUX CC build/linux/obj/source/cseries/sort.o
[350/496] LINUX CC build/linux/obj/source/cseries/progress.o
[351/496] LINUX CC build/linux/obj/source/cseries/profile.o
[352/496] LINUX CC build/linux/obj/source/cseries/errors.o
[353/496] LINUX CC build/linux/obj/source/cseries/debug_memory.o
[354/496] LINUX CC build/linux/obj/source/cseries/cseries_windows.o
[355/496] LINUX CC build/linux/obj/source/cseries/cseries.o
[356/496] LINUX CC build/linux/obj/source/camera/static_camera.o
[357/496] LINUX CC build/linux/obj/source/camera/orbiting_camera.o
[358/496] LINUX CC build/linux/obj/source/camera/observer.o
[359/496] LINUX CC build/linux/obj/source/camera/following_camera.o
[360/496] LINUX CC build/linux/obj/source/camera/flying_camera.o
[361/496] LINUX CC build/linux/obj/source/camera/first_person_camera.o
[362/496] LINUX CC build/linux/obj/source/camera/editor_flying_camera.o
[363/496] LINUX CC build/linux/obj/source/camera/director.o
[364/496] LINUX CC build/linux/obj/source/camera/dead_camera.o
[365/496] LINUX CC build/linux/obj/source/camera/camera_track_definitions.o
[366/496] LINUX CC build/linux/obj/source/camera/camera_scripting.o
[367/496] LINUX CC build/linux/obj/source/camera/bored_camera.o
[368/496] LINUX CC build/linux/obj/source/bungie_net/network/transport_endpoint_winsock.o
[369/496] LINUX CC build/linux/obj/source/bungie_net/network/transport_endpoint_set_winsock.o
[370/496] LINUX CC build/linux/obj/source/bungie_net/network/transport_dns_winsock.o
[371/496] LINUX CC build/linux/obj/source/bungie_net/network/transport_address.o
[372/496] LINUX CC build/linux/obj/source/bungie_net/common/thread_win32.o
[373/496] LINUX CC build/linux/obj/source/bungie_net/common/random_numbers.o
[374/496] LINUX CC build/linux/obj/source/bungie_net/common/public_key_crypt.o
[375/496] LINUX CC build/linux/obj/source/bungie_net/common/prime_numbers.o
[376/496] LINUX CC build/linux/obj/source/bungie_net/common/message_header.o
[377/496] LINUX CC build/linux/obj/source/bungie_net/common/message_encryption.o
[378/496] LINUX CC build/linux/obj/source/bungie_net/common/key_agreement.o
[379/496] LINUX CC build/linux/obj/source/bungie_net/common/64bit_math.o
[380/496] LINUX CC build/linux/obj/source/bitmaps/tiff_file.o
[381/496] LINUX CC build/linux/obj/source/bitmaps/targa_file.o
[382/496] LINUX CC build/linux/obj/source/bitmaps/color_table_group.o
[383/496] LINUX CC build/linux/obj/source/bitmaps/bitmaps_quantitize.o
[384/496] LINUX CC build/linux/obj/source/bitmaps/bitmaps.o
[385/496] LINUX CC build/linux/obj/source/bitmaps/bitmap_utilities.o
[386/496] LINUX CC build/linux/obj/source/bitmaps/bitmap_group.o
[387/496] LINUX CC build/linux/obj/source/bitmaps/bitmap_extract.o
[388/496] LINUX CC build/linux/obj/source/bitmaps/bitmap_drawing.o
[389/496] LINUX CC build/linux/obj/source/bitmaps/bitmap_compress.o
[390/496] LINUX CC build/linux/obj/source/bitmaps/s3tc/s3tc.o
[391/496] LINUX CC build/linux/obj/source/bitmaps/libtiff/tif_write.o
[392/496] LINUX CC build/linux/obj/source/bitmaps/libtiff/tif_warning.o
[393/496] LINUX CC build/linux/obj/source/bitmaps/libtiff/tif_version.o
[394/496] LINUX CC build/linux/obj/source/bitmaps/libtiff/tif_tile.o
[395/496] LINUX CC build/linux/obj/source/bitmaps/libtiff/tif_thunder.o
[396/496] LINUX CC build/linux/obj/source/bitmaps/libtiff/tif_swab.o
[397/496] LINUX CC build/linux/obj/source/bitmaps/libtiff/tif_strip.o
[398/496] LINUX CC build/linux/obj/source/bitmaps/libtiff/tif_read.o
[399/496] LINUX CC build/linux/obj/source/bitmaps/libtiff/tif_print.o
[400/496] LINUX CC build/linux/obj/source/bitmaps/libtiff/tif_packbits.o
[401/496] LINUX CC build/linux/obj/source/bitmaps/libtiff/tif_open.o
[402/496] LINUX CC build/linux/obj/source/bitmaps/libtiff/tif_next.o
[403/496] LINUX CC build/linux/obj/source/bitmaps/libtiff/tif_machdep.o
[404/496] LINUX CC build/linux/obj/source/bitmaps/libtiff/tif_lzw.o
[405/496] LINUX CC build/linux/obj/source/bitmaps/libtiff/tif_jpeg.o
[406/496] LINUX CC build/linux/obj/source/bitmaps/libtiff/tif_getimage.o
[407/496] LINUX CC build/linux/obj/source/bitmaps/libtiff/tif_flush.o
[408/496] LINUX CC build/linux/obj/source/bitmaps/libtiff/tif_fax4.o
[409/496] LINUX CC build/linux/obj/source/bitmaps/libtiff/tif_fax3.o
[410/496] LINUX CC build/linux/obj/source/bitmaps/libtiff/tif_error.o
[411/496] LINUX CC build/linux/obj/source/bitmaps/libtiff/tif_dumpmode.o
[412/496] LINUX CC build/linux/obj/source/bitmaps/libtiff/tif_dirwrite.o
[413/496] LINUX CC build/linux/obj/source/bitmaps/libtiff/tif_dirread.o
[414/496] LINUX CC build/linux/obj/source/bitmaps/libtiff/tif_dirinfo.o
[415/496] LINUX CC build/linux/obj/source/bitmaps/libtiff/tif_dir.o
[416/496] LINUX CC build/linux/obj/source/bitmaps/libtiff/tif_compress.o
[417/496] LINUX CC build/linux/obj/source/bitmaps/libtiff/tif_compat.o
[418/496] LINUX CC build/linux/obj/source/bitmaps/libtiff/tif_close.o
[419/496] LINUX CC build/linux/obj/source/bitmaps/libtiff/tif_ccittrle.o
[420/496] LINUX CC build/linux/obj/source/bitmaps/libtiff/tif_aux.o
[421/496] LINUX CC build/linux/obj/source/ai/props.o
[422/496] LINUX CC build/linux/obj/source/ai/path_structure_bsp.o
[423/496] LINUX CC build/linux/obj/source/ai/path_smoothing.o
[424/496] LINUX CC build/linux/obj/source/ai/path_obstacles.o
[425/496] LINUX CC build/linux/obj/source/ai/path_obstacle_avoidance.o
[426/496] LINUX CC build/linux/obj/source/ai/path.o
[427/496] LINUX CC build/linux/obj/source/ai/encounters.o
[428/496] LINUX CC build/linux/obj/source/ai/ai_script.o
[429/496] LINUX CC build/linux/obj/source/ai/ai_scenario_definitions.o
[430/496] LINUX CC build/linux/obj/source/ai/ai_profile.o
[431/496] LINUX CC build/linux/obj/source/ai/ai_debug.o
[432/496] LINUX CC build/linux/obj/source/ai/ai_communication.o
[433/496] LINUX CC build/linux/obj/source/ai/ai.o
[434/496] LINUX CC build/linux/obj/source/ai/actors.o
[435/496] LINUX CC build/linux/obj/source/ai/actor_types.o
[436/496] LINUX CC build/linux/obj/source/ai/actor_type_sentinel.o
[437/496] LINUX CC build/linux/obj/source/ai/actor_type_mounted_weapon.o
[438/496] LINUX CC build/linux/obj/source/ai/actor_type_marine.o
[439/496] LINUX CC build/linux/obj/source/ai/actor_type_jackal.o
[440/496] LINUX CC build/linux/obj/source/ai/actor_type_infection.o
[441/496] LINUX CC build/linux/obj/source/ai/actor_type_hunter.o
[442/496] LINUX CC build/linux/obj/source/ai/actor_type_grunt.o
[443/496] LINUX CC build/linux/obj/source/ai/actor_type_flood.o
[444/496] LINUX CC build/linux/obj/source/ai/actor_type_engineer.o
[445/496] LINUX CC build/linux/obj/source/ai/actor_type_elite.o
[446/496] LINUX CC build/linux/obj/source/ai/actor_type_crew.o
[447/496] LINUX CC build/linux/obj/source/ai/actor_type_carrier.o
[448/496] LINUX CC build/linux/obj/source/ai/actor_stimulus.o
[449/496] LINUX CC build/linux/obj/source/ai/actor_perception.o
[450/496] LINUX CC build/linux/obj/source/ai/actor_moving.o
[451/496] LINUX CC build/linux/obj/source/ai/actor_looking.o
[452/496] LINUX CC build/linux/obj/source/ai/actor_firing_position.o
[453/496] LINUX CC build/linux/obj/source/ai/actor_definitions.o
[454/496] LINUX CC build/linux/obj/source/ai/actor_combat.o
[455/496] LINUX CC build/linux/obj/source/ai/actions.o
[456/496] LINUX CC build/linux/obj/source/ai/action_wait.o
[457/496] LINUX CC build/linux/obj/source/ai/action_vehicle.o
[458/496] LINUX CC build/linux/obj/source/ai/action_uncover.o
[459/496] LINUX CC build/linux/obj/source/ai/action_sleep.o
[460/496] LINUX CC build/linux/obj/source/ai/action_search.o
[461/496] LINUX CC build/linux/obj/source/ai/action_obey.o
[462/496] LINUX CC build/linux/obj/source/ai/action_guard.o
[463/496] LINUX CC build/linux/obj/source/ai/action_flee.o
[464/496] LINUX CC build/linux/obj/source/ai/action_fight.o
[465/496] LINUX CC build/linux/obj/source/ai/action_converse.o
[466/496] LINUX CC build/linux/obj/source/ai/action_charge.o
[467/496] LINUX CC build/linux/obj/source/ai/action_avoid.o
[468/496] LINUX CC build/linux/obj/source/ai/action_alert.o
[469/496] LINUX CC build/linux/obj/port/linux/game/msvc_comdat.o
[470/496] LINUX CC build/linux/obj/port/linux/game/render_interpolation.o
[471/496] LINUX CC build/linux/obj/port/linux/src/bink_null.o
[472/496] LINUX CC build/linux/obj/port/linux/src/d3d8_gl.o
[473/496] LINUX CC build/linux/obj/port/linux/src/d3d8_resources.o
[474/496] LINUX CC build/linux/obj/port/linux/src/dsound_sdl.o
[475/496] LINUX CC build/linux/obj/port/linux/src/gl_functions.o
[476/496] LINUX CC build/linux/obj/port/linux/src/halo_linker_common.o
[477/496] LINUX CC build/linux/obj/port/linux/src/memory_watch.o
[478/496] LINUX CC build/linux/obj/port/linux/src/msvc_crt.o
[479/496] LINUX CC build/linux/obj/port/linux/src/msvc_wide.o
[480/496] LINUX CC build/linux/obj/port/linux/src/nv2a_psh.o
[481/496] LINUX CC build/linux/obj/port/linux/src/nv2a_vsh.o
[482/496] LINUX CC build/linux/obj/port/linux/src/port_config.o
[483/496] LINUX CC build/linux/obj/port/linux/src/posix_files.o
[484/496] LINUX CC build/linux/obj/port/linux/src/posix_net.o
[485/496] LINUX CC build/linux/obj/port/linux/src/sdl_platform.o
[486/496] LINUX CC build/linux/obj/port/linux/src/xbdm.o
[487/496] LINUX CC build/linux/obj/port/linux/src/xbox_files.o
[488/496] LINUX CC build/linux/obj/port/linux/src/xbox_kernel.o
[489/496] LINUX CC build/linux/obj/port/linux/src/xbox_memory.o
[490/496] LINUX CC build/linux/obj/port/linux/src/xbox_textures.o
[491/496] LINUX CC build/linux/obj/port/linux/src/xbox_xapi.o
[492/496] LINUX CC build/linux/obj/port/linux/src/xgpu_text.o
[493/496] LINUX CC build/linux/obj/port/linux/src/xinput_sdl.o
[494/496] LINUX CC build/linux/obj/port/linux/src/xnet.o
[495/496] LINUX CC build/linux/obj/port/third_party/tomlc17/tomlc17.o
[496/496] LINUX LINK build/linux/halo
